// Jest Snapshot v1, https://goo.gl/fbAQLP

exports[`Topic  should render Topic component 1`] = `ShallowWrapper {}`;
