// Jest Snapshot v1, https://goo.gl/fbAQLP

exports[`TopicResult  should render TopicResult component 1`] = `ShallowWrapper {}`;
